
> agrivision-frontend@1.0.0 build
> next build

   Γû▓ Next.js 14.0.4

   Creating an optimized production build ...
 Γ£ô Compiled successfully
   Linting and checking validity of types ...
node.exe : Failed to 
compile.
At C:\Program 
Files\nodejs\npm.ps1:29 
char:3
+   & $NODE_EXE $NPM_CLI_JS 
$args
+   ~~~~~~~~~~~~~~~~~~~~~~~~
~~~~~
    + CategoryInfo          
    : NotSpecified: (Faile  
  d to compile.:String) [   
 ], RemoteException
    + FullyQualifiedErrorId 
    : NativeCommandError
 

./src/components/PredictionC
ard.tsx:39:39
Type error: Property 
'result' does not exist on 
type '{ title: string; 
subtitle: string; 
uploadTab: string; 
cameraTab: string; 
dragDrop: string; supports: 
string; startCamera: 
string; capture: string; 
analyzing: string; analyze: 
string; uploadAnother: 
string; uploadToSee: 
string; }'.

[0m [90m 37 |[39m        
   [33m<[39m[33mdiv[39m 
className[33m=[39m[32m"fl
ex-1"[39m[33m>[39m[0m
[0m [90m 38 |[39m        
     
[33m<[39m[33mh3[39m clas
sName[33m=[39m{[32m`text-
2xl font-bold mb-2 
${is_healthy ? 
'text-green-900' : 'text-red
-900'}`[39m}[33m>[39m[0m
[0m[31m[1m>[22m[39m[90
m 39 |[39m               
{is_healthy [33m?[39m t[3
3m.[39mpredict[33m.[39mre
sult[33m.[39mhealthy 
[33m:[39m t[33m.[39mpred
ict[33m.[39mresult[33m.[
39mdiseased}[0m
[0m [90m    |[39m        
                            
   [31m[1m^[22m[39m[0m
[0m [90m 40 |[39m        
     [33m<[39m[33m/[39m
[33mh3[39m[33m>[39m[0m
[0m [90m 41 |[39m        
     [33m<[39m[33mp[39m 
className[33m=[39m[32m"te
xt-lg mb-1 text-black"[39m
[33m>[39m[0m
[0m [90m 42 |[39m        
       
[33m<[39m[33mspan[39m cl
assName[33m=[39m[32m"font
-semibold"[39m[33m>[39m{t
[33m.[39mpredict[33m.[39
mresult[33m.[39mplant}[33
m:[39m[33m<[39m[33m/[39
m[33mspan[39m[33m>[39m 
{plant_name}[0m
