src/app/predict/page.tsx(214,16): error TS2339: Property 'predict' does not exist on type '{ nav: { home: string; detect: string; chat: string; team: string; }; home: { title: string; subtitle: string; description: string; startDetection: string; liveDemo: string; powerfulFeatures: string; ... 5 more ...; stats: { ...; }; }; ... 41 more ...; delete: string; }'.
src/app/predict/page.tsx(217,16): error TS2339: Property 'predict' does not exist on type '{ nav: { home: string; detect: string; chat: string; team: string; }; home: { title: string; subtitle: string; description: string; startDetection: string; liveDemo: string; powerfulFeatures: string; ... 5 more ...; stats: { ...; }; }; ... 41 more ...; delete: string; }'.
src/app/predict/page.tsx(241,24): error TS2339: Property 'predict' does not exist on type '{ nav: { home: string; detect: string; chat: string; team: string; }; home: { title: string; subtitle: string; description: string; startDetection: string; liveDemo: string; powerfulFeatures: string; ... 5 more ...; stats: { ...; }; }; ... 41 more ...; delete: string; }'.
src/app/predict/page.tsx(255,24): error TS2339: Property 'predict' does not exist on type '{ nav: { home: string; detect: string; chat: string; team: string; }; home: { title: string; subtitle: string; description: string; startDetection: string; liveDemo: string; powerfulFeatures: string; ... 5 more ...; stats: { ...; }; }; ... 41 more ...; delete: string; }'.
src/app/predict/page.tsx(274,68): error TS2339: Property 'predict' does not exist on type '{ nav: { home: string; detect: string; chat: string; team: string; }; home: { title: string; subtitle: string; description: string; startDetection: string; liveDemo: string; powerfulFeatures: string; ... 5 more ...; stats: { ...; }; }; ... 41 more ...; delete: string; }'.
src/app/predict/page.tsx(278,34): error TS2339: Property 'predict' does not exist on type '{ nav: { home: string; detect: string; chat: string; team: string; }; home: { title: string; subtitle: string; description: string; startDetection: string; liveDemo: string; powerfulFeatures: string; ... 5 more ...; stats: { ...; }; }; ... 41 more ...; delete: string; }'.
src/app/predict/page.tsx(281,34): error TS2339: Property 'predict' does not exist on type '{ nav: { home: string; detect: string; chat: string; team: string; }; home: { title: string; subtitle: string; description: string; startDetection: string; liveDemo: string; powerfulFeatures: string; ... 5 more ...; stats: { ...; }; }; ... 41 more ...; delete: string; }'.
src/app/predict/page.tsx(316,34): error TS2339: Property 'predict' does not exist on type '{ nav: { home: string; detect: string; chat: string; team: string; }; home: { title: string; subtitle: string; description: string; startDetection: string; liveDemo: string; powerfulFeatures: string; ... 5 more ...; stats: { ...; }; }; ... 41 more ...; delete: string; }'.
src/app/predict/page.tsx(319,31): error TS2339: Property 'predict' does not exist on type '{ nav: { home: string; detect: string; chat: string; team: string; }; home: { title: string; subtitle: string; description: string; startDetection: string; liveDemo: string; powerfulFeatures: string; ... 5 more ...; stats: { ...; }; }; ... 41 more ...; delete: string; }'.
src/app/predict/page.tsx(328,32): error TS2339: Property 'predict' does not exist on type '{ nav: { home: string; detect: string; chat: string; team: string; }; home: { title: string; subtitle: string; description: string; startDetection: string; liveDemo: string; powerfulFeatures: string; ... 5 more ...; stats: { ...; }; }; ... 41 more ...; delete: string; }'.
src/app/predict/page.tsx(343,30): error TS2339: Property 'predict' does not exist on type '{ nav: { home: string; detect: string; chat: string; team: string; }; home: { title: string; subtitle: string; description: string; startDetection: string; liveDemo: string; powerfulFeatures: string; ... 5 more ...; stats: { ...; }; }; ... 41 more ...; delete: string; }'.
src/app/predict/page.tsx(349,30): error TS2339: Property 'predict' does not exist on type '{ nav: { home: string; detect: string; chat: string; team: string; }; home: { title: string; subtitle: string; description: string; startDetection: string; liveDemo: string; powerfulFeatures: string; ... 5 more ...; stats: { ...; }; }; ... 41 more ...; delete: string; }'.
src/app/predict/page.tsx(382,34): error TS2339: Property 'predict' does not exist on type '{ nav: { home: string; detect: string; chat: string; team: string; }; home: { title: string; subtitle: string; description: string; startDetection: string; liveDemo: string; powerfulFeatures: string; ... 5 more ...; stats: { ...; }; }; ... 41 more ...; delete: string; }'.
src/app/predict/page.tsx(385,31): error TS2339: Property 'predict' does not exist on type '{ nav: { home: string; detect: string; chat: string; team: string; }; home: { title: string; subtitle: string; description: string; startDetection: string; liveDemo: string; powerfulFeatures: string; ... 5 more ...; stats: { ...; }; }; ... 41 more ...; delete: string; }'.
src/app/predict/page.tsx(402,30): error TS2339: Property 'predict' does not exist on type '{ nav: { home: string; detect: string; chat: string; team: string; }; home: { title: string; subtitle: string; description: string; startDetection: string; liveDemo: string; powerfulFeatures: string; ... 5 more ...; stats: { ...; }; }; ... 41 more ...; delete: string; }'.
src/app/predict/page.tsx(425,26): error TS2339: Property 'predict' does not exist on type '{ nav: { home: string; detect: string; chat: string; team: string; }; home: { title: string; subtitle: string; description: string; startDetection: string; liveDemo: string; powerfulFeatures: string; ... 5 more ...; stats: { ...; }; }; ... 41 more ...; delete: string; }'.
src/app/team/page.tsx(70,16): error TS2339: Property 'team' does not exist on type '{ nav: { home: string; detect: string; chat: string; team: string; }; home: { title: string; subtitle: string; description: string; startDetection: string; liveDemo: string; powerfulFeatures: string; ... 5 more ...; stats: { ...; }; }; ... 41 more ...; delete: string; }'.
src/app/team/page.tsx(73,16): error TS2339: Property 'team' does not exist on type '{ nav: { home: string; detect: string; chat: string; team: string; }; home: { title: string; subtitle: string; description: string; startDetection: string; liveDemo: string; powerfulFeatures: string; ... 5 more ...; stats: { ...; }; }; ... 41 more ...; delete: string; }'.
src/app/team/page.tsx(105,26): error TS2339: Property 'team' does not exist on type '{ nav: { home: string; detect: string; chat: string; team: string; }; home: { title: string; subtitle: string; description: string; startDetection: string; liveDemo: string; powerfulFeatures: string; ... 5 more ...; stats: { ...; }; }; ... 41 more ...; delete: string; }'.
src/app/team/page.tsx(156,16): error TS2339: Property 'team' does not exist on type '{ nav: { home: string; detect: string; chat: string; team: string; }; home: { title: string; subtitle: string; description: string; startDetection: string; liveDemo: string; powerfulFeatures: string; ... 5 more ...; stats: { ...; }; }; ... 41 more ...; delete: string; }'.
src/app/team/page.tsx(159,16): error TS2339: Property 'team' does not exist on type '{ nav: { home: string; detect: string; chat: string; team: string; }; home: { title: string; subtitle: string; description: string; startDetection: string; liveDemo: string; powerfulFeatures: string; ... 5 more ...; stats: { ...; }; }; ... 41 more ...; delete: string; }'.
src/app/team/page.tsx(163,67): error TS2339: Property 'team' does not exist on type '{ nav: { home: string; detect: string; chat: string; team: string; }; home: { title: string; subtitle: string; description: string; startDetection: string; liveDemo: string; powerfulFeatures: string; ... 5 more ...; stats: { ...; }; }; ... 41 more ...; delete: string; }'.
src/app/team/page.tsx(169,67): error TS2339: Property 'team' does not exist on type '{ nav: { home: string; detect: string; chat: string; team: string; }; home: { title: string; subtitle: string; description: string; startDetection: string; liveDemo: string; powerfulFeatures: string; ... 5 more ...; stats: { ...; }; }; ... 41 more ...; delete: string; }'.
src/components/PredictionCard.tsx(39,31): error TS2339: Property 'predict' does not exist on type '{ nav: { home: string; detect: string; chat: string; team: string; }; home: { title: string; subtitle: string; description: string; startDetection: string; liveDemo: string; powerfulFeatures: string; ... 5 more ...; stats: { ...; }; }; ... 41 more ...; delete: string; }'.
src/components/PredictionCard.tsx(39,58): error TS2339: Property 'predict' does not exist on type '{ nav: { home: string; detect: string; chat: string; team: string; }; home: { title: string; subtitle: string; description: string; startDetection: string; liveDemo: string; powerfulFeatures: string; ... 5 more ...; stats: { ...; }; }; ... 41 more ...; delete: string; }'.
src/components/PredictionCard.tsx(42,50): error TS2339: Property 'predict' does not exist on type '{ nav: { home: string; detect: string; chat: string; team: string; }; home: { title: string; subtitle: string; description: string; startDetection: string; liveDemo: string; powerfulFeatures: string; ... 5 more ...; stats: { ...; }; }; ... 41 more ...; delete: string; }'.
src/components/PredictionCard.tsx(45,63): error TS2339: Property 'predict' does not exist on type '{ nav: { home: string; detect: string; chat: string; team: string; }; home: { title: string; subtitle: string; description: string; startDetection: string; liveDemo: string; powerfulFeatures: string; ... 5 more ...; stats: { ...; }; }; ... 41 more ...; delete: string; }'.
src/components/PredictionCard.tsx(45,89): error TS2339: Property 'predict' does not exist on type '{ nav: { home: string; detect: string; chat: string; team: string; }; home: { title: string; subtitle: string; description: string; startDetection: string; liveDemo: string; powerfulFeatures: string; ... 5 more ...; stats: { ...; }; }; ... 41 more ...; delete: string; }'.
src/components/PredictionCard.tsx(48,50): error TS2339: Property 'predict' does not exist on type '{ nav: { home: string; detect: string; chat: string; team: string; }; home: { title: string; subtitle: string; description: string; startDetection: string; liveDemo: string; powerfulFeatures: string; ... 5 more ...; stats: { ...; }; }; ... 41 more ...; delete: string; }'.
src/components/PredictionCard.tsx(58,62): error TS2339: Property 'predict' does not exist on type '{ nav: { home: string; detect: string; chat: string; team: string; }; home: { title: string; subtitle: string; description: string; startDetection: string; liveDemo: string; powerfulFeatures: string; ... 5 more ...; stats: { ...; }; }; ... 41 more ...; delete: string; }'.
src/components/PredictionCard.tsx(84,29): error TS2339: Property 'predict' does not exist on type '{ nav: { home: string; detect: string; chat: string; team: string; }; home: { title: string; subtitle: string; description: string; startDetection: string; liveDemo: string; powerfulFeatures: string; ... 5 more ...; stats: { ...; }; }; ... 41 more ...; delete: string; }'.
src/components/PredictionCard.tsx(84,59): error TS2339: Property 'predict' does not exist on type '{ nav: { home: string; detect: string; chat: string; team: string; }; home: { title: string; subtitle: string; description: string; startDetection: string; liveDemo: string; powerfulFeatures: string; ... 5 more ...; stats: { ...; }; }; ... 41 more ...; delete: string; }'.
src/components/PredictionCard.tsx(106,71): error TS2339: Property 'predict' does not exist on type '{ nav: { home: string; detect: string; chat: string; team: string; }; home: { title: string; subtitle: string; description: string; startDetection: string; liveDemo: string; powerfulFeatures: string; ... 5 more ...; stats: { ...; }; }; ... 41 more ...; delete: string; }'.
src/components/PredictionCard.tsx(120,71): error TS2339: Property 'predict' does not exist on type '{ nav: { home: string; detect: string; chat: string; team: string; }; home: { title: string; subtitle: string; description: string; startDetection: string; liveDemo: string; powerfulFeatures: string; ... 5 more ...; stats: { ...; }; }; ... 41 more ...; delete: string; }'.
src/components/PredictionCard.tsx(134,71): error TS2339: Property 'predict' does not exist on type '{ nav: { home: string; detect: string; chat: string; team: string; }; home: { title: string; subtitle: string; description: string; startDetection: string; liveDemo: string; powerfulFeatures: string; ... 5 more ...; stats: { ...; }; }; ... 41 more ...; delete: string; }'.
src/contexts/LanguageContext.tsx(33,63): error TS2322: Type '{ nav: { home: string; detect: string; chat: string; team: string; }; home: { title: string; subtitle: string; description: string; startDetection: string; liveDemo: string; powerfulFeatures: string; ... 5 more ...; stats: { ...; }; }; ... 41 more ...; delete: string; } | { ...; }' is not assignable to type '{ nav: { home: string; detect: string; chat: string; team: string; }; home: { title: string; subtitle: string; description: string; startDetection: string; liveDemo: string; powerfulFeatures: string; ... 5 more ...; stats: { ...; }; }; ... 41 more ...; delete: string; }'.
  Type '{ nav: { home: string; detect: string; chat: string; team: string; }; home: { title: string; subtitle: string; description: string; startDetection: string; liveDemo: string; powerfulFeatures: string; ... 5 more ...; stats: { ...; }; }; ... 37 more ...; delete: string; }' is missing the following properties from type '{ nav: { home: string; detect: string; chat: string; team: string; }; home: { title: string; subtitle: string; description: string; startDetection: string; liveDemo: string; powerfulFeatures: string; ... 5 more ...; stats: { ...; }; }; ... 41 more ...; delete: string; }': welcomeTitle, welcomeSubtitle, getStarted, learnMore
